Git is a distributed version control system.
Git is free software distributed under the GPL.
Git has a mutable index called stage.Git tracks changes.
$ git add readme.txt$ git status# On branch master# Changes to be committed:# (use "git reset HEAD <file>..." to unstage)## modified: readme.txt#
git dev add
Creating a new branch is quick & simple.
